Archive member included because of file (symbol)

/media/ps3dev/usr/local/ps3dev/spu/bin/../lib/gcc/spu/4.5.2/../../../../spu/lib/libc.a(lib_a-atexit.o)
                              /media/ps3dev/usr/local/ps3dev/spu/bin/../lib/gcc/spu/4.5.2/../../../../spu/lib/crt1.o (atexit)
/media/ps3dev/usr/local/ps3dev/spu/bin/../lib/gcc/spu/4.5.2/../../../../spu/lib/libc.a(lib_a-exit.o)
                              /media/ps3dev/usr/local/ps3dev/spu/bin/../lib/gcc/spu/4.5.2/../../../../spu/lib/crt1.o (exit)
/media/ps3dev/usr/local/ps3dev/spu/bin/../lib/gcc/spu/4.5.2/../../../../spu/lib/libc.a(lib_a-impure.o)
                              /media/ps3dev/usr/local/ps3dev/spu/bin/../lib/gcc/spu/4.5.2/../../../../spu/lib/libc.a(lib_a-exit.o) (_global_impure_ptr)
/media/ps3dev/usr/local/ps3dev/spu/bin/../lib/gcc/spu/4.5.2/../../../../spu/lib/libc.a(lib_a-memcpy.o)
                              main.o (memcpy)
/media/ps3dev/usr/local/ps3dev/spu/bin/../lib/gcc/spu/4.5.2/../../../../spu/lib/libc.a(lib_a-memset.o)
                              main.o (memset)
/media/ps3dev/usr/local/ps3dev/spu/bin/../lib/gcc/spu/4.5.2/../../../../spu/lib/libc.a(lib_a-__atexit.o)
                              /media/ps3dev/usr/local/ps3dev/spu/bin/../lib/gcc/spu/4.5.2/../../../../spu/lib/libc.a(lib_a-atexit.o) (__register_exitproc)
/media/ps3dev/usr/local/ps3dev/spu/bin/../lib/gcc/spu/4.5.2/../../../../spu/lib/libc.a(lib_a-__call_atexit.o)
                              /media/ps3dev/usr/local/ps3dev/spu/bin/../lib/gcc/spu/4.5.2/../../../../spu/lib/libc.a(lib_a-exit.o) (__call_exitprocs)
/media/ps3dev/usr/local/ps3dev/spu/bin/../lib/gcc/spu/4.5.2/libgcc.a(_umoddi3.o)
                              main.o (__umoddi3)
/media/ps3dev/usr/local/ps3dev/spu/bin/../lib/gcc/spu/4.5.2/libgcc.a(_clz.o)
                              /media/ps3dev/usr/local/ps3dev/spu/bin/../lib/gcc/spu/4.5.2/libgcc.a(_umoddi3.o) (__clz_tab)
/media/ps3dev/usr/local/ps3dev/spu/bin/../lib/gcc/spu/4.5.2/../../../../spu/lib/libgloss.a(exit.o)
                              /media/ps3dev/usr/local/ps3dev/spu/bin/../lib/gcc/spu/4.5.2/../../../../spu/lib/libc.a(lib_a-exit.o) (_exit)

Allocating common symbols
Common symbol       size              file

audio_config        0x20              main.o
spu_voice           0x540             main.o
cache_samples       0x800             main.o
samples             0x800             main.o
__ea_local_store    0x10              /media/ps3dev/usr/local/ps3dev/spu/bin/../lib/gcc/spu/4.5.2/../../../../spu/lib/crt1.o

Memory Configuration

Name             Origin             Length             Attributes
*default*        0x0000000000000000 0xffffffffffffffff

Linker script and memory map

LOAD /media/ps3dev/usr/local/ps3dev/spu/bin/../lib/gcc/spu/4.5.2/../../../../spu/lib/crt1.o
LOAD /media/ps3dev/usr/local/ps3dev/spu/bin/../lib/gcc/spu/4.5.2/../../../../spu/lib/crti.o
LOAD /media/ps3dev/usr/local/ps3dev/spu/bin/../lib/gcc/spu/4.5.2/crtbegin.o
LOAD main.o
LOAD /media/ps3dev/usr/local/ps3dev/libpsl1ght/spu/lib/libsputhread.a
LOAD /media/ps3dev/usr/local/ps3dev/spu/bin/../lib/gcc/spu/4.5.2/../../../../spu/lib/libc.a
LOAD /media/ps3dev/usr/local/ps3dev/spu/bin/../lib/gcc/spu/4.5.2/libgcc.a
START GROUP
LOAD /media/ps3dev/usr/local/ps3dev/spu/bin/../lib/gcc/spu/4.5.2/../../../../spu/lib/libc.a
LOAD /media/ps3dev/usr/local/ps3dev/spu/bin/../lib/gcc/spu/4.5.2/../../../../spu/lib/libgloss.a
END GROUP
LOAD /media/ps3dev/usr/local/ps3dev/spu/bin/../lib/gcc/spu/4.5.2/libgcc_cachemgr.a
LOAD /media/ps3dev/usr/local/ps3dev/spu/bin/../lib/gcc/spu/4.5.2/libgcc_cache64k.a
LOAD /media/ps3dev/usr/local/ps3dev/spu/bin/../lib/gcc/spu/4.5.2/libgcc.a
LOAD /media/ps3dev/usr/local/ps3dev/spu/bin/../lib/gcc/spu/4.5.2/crtend.o
LOAD /media/ps3dev/usr/local/ps3dev/spu/bin/../lib/gcc/spu/4.5.2/../../../../spu/lib/crtn.o
                0x0000000000000000                PROVIDE (__executable_start, 0x0)
                0x0000000000000000                . = 0x0

.interrupt      0x0000000000000000        0x4
 *(.interrupt)
 .interrupt     0x0000000000000000        0x4 /media/ps3dev/usr/local/ps3dev/spu/bin/../lib/gcc/spu/4.5.2/../../../../spu/lib/crtn.o

.interp
 *(.interp)

.note.gnu.build-id
 *(.note.gnu.build-id)

.hash
 *(.hash)

.gnu.hash
 *(.gnu.hash)

.dynsym
 *(.dynsym)

.dynstr
 *(.dynstr)

.gnu.version
 *(.gnu.version)

.gnu.version_d
 *(.gnu.version_d)

.gnu.version_r
 *(.gnu.version_r)

.rela.dyn       0x0000000000000004        0x0
 *(.rela.init)
 *(.rela.text .rela.text.* .rela.gnu.linkonce.t.*)
 *(.rela.fini)
 *(.rela.rodata .rela.rodata.* .rela.gnu.linkonce.r.*)
 *(.rela.data .rela.data.* .rela.gnu.linkonce.d.*)
 *(.rela.tdata .rela.tdata.* .rela.gnu.linkonce.td.*)
 *(.rela.tbss .rela.tbss.* .rela.gnu.linkonce.tb.*)
 *(.rela.ctors)
 *(.rela.dtors)
 *(.rela.got)
 *(.rela.bss .rela.bss.* .rela.gnu.linkonce.b.*)
                0x0000000000000004                PROVIDE (__rel_iplt_start, .)
                0x0000000000000004                PROVIDE (__rel_iplt_end, .)
                0x0000000000000004                PROVIDE (__rela_iplt_start, .)
 *(.rela.iplt)
                0x0000000000000004                PROVIDE (__rela_iplt_end, .)

.rela.plt
 *(.rela.plt)

.init           0x0000000000000004       0x20
 *(.init)
 .init          0x0000000000000004        0xc /media/ps3dev/usr/local/ps3dev/spu/bin/../lib/gcc/spu/4.5.2/../../../../spu/lib/crti.o
                0x0000000000000004                _init
 .init          0x0000000000000010        0x4 /media/ps3dev/usr/local/ps3dev/spu/bin/../lib/gcc/spu/4.5.2/crtbegin.o
 .init          0x0000000000000014        0x4 /media/ps3dev/usr/local/ps3dev/spu/bin/../lib/gcc/spu/4.5.2/crtend.o
 .init          0x0000000000000018        0xc /media/ps3dev/usr/local/ps3dev/spu/bin/../lib/gcc/spu/4.5.2/../../../../spu/lib/crtn.o

.plt
 *(.plt)

.iplt
 *(.iplt)

.text           0x0000000000000028     0x3380
 *(.text.unlikely .text.*_unlikely)
 *(.text.exit .text.exit.*)
 .text.exit     0x0000000000000028       0x58 /media/ps3dev/usr/local/ps3dev/spu/bin/../lib/gcc/spu/4.5.2/../../../../spu/lib/libc.a(lib_a-exit.o)
                0x0000000000000028                exit
 *(.text.startup .text.startup.*)
 *(.text.hot .text.hot.*)
 *(.text .stub .text.* .gnu.linkonce.t.*)
 .text          0x0000000000000080       0x68 /media/ps3dev/usr/local/ps3dev/spu/bin/../lib/gcc/spu/4.5.2/../../../../spu/lib/crt1.o
                0x0000000000000080                _start
 .text          0x00000000000000e8        0x0 /media/ps3dev/usr/local/ps3dev/spu/bin/../lib/gcc/spu/4.5.2/../../../../spu/lib/crti.o
 .text          0x00000000000000e8      0x108 /media/ps3dev/usr/local/ps3dev/spu/bin/../lib/gcc/spu/4.5.2/crtbegin.o
 .text          0x00000000000001f0     0x1ec0 main.o
                0x00000000000001f0                unaligned_read
                0x0000000000000278                receive_command
                0x0000000000000930                main
 .text          0x00000000000020b0        0x0 /media/ps3dev/usr/local/ps3dev/spu/bin/../lib/gcc/spu/4.5.2/../../../../spu/lib/libc.a(lib_a-atexit.o)
 .text.atexit   0x00000000000020b0       0x18 /media/ps3dev/usr/local/ps3dev/spu/bin/../lib/gcc/spu/4.5.2/../../../../spu/lib/libc.a(lib_a-atexit.o)
                0x00000000000020b0                atexit
 .text          0x00000000000020c8        0x0 /media/ps3dev/usr/local/ps3dev/spu/bin/../lib/gcc/spu/4.5.2/../../../../spu/lib/libc.a(lib_a-exit.o)
 .text          0x00000000000020c8        0x0 /media/ps3dev/usr/local/ps3dev/spu/bin/../lib/gcc/spu/4.5.2/../../../../spu/lib/libc.a(lib_a-impure.o)
 .text          0x00000000000020c8        0x0 /media/ps3dev/usr/local/ps3dev/spu/bin/../lib/gcc/spu/4.5.2/../../../../spu/lib/libc.a(lib_a-memcpy.o)
 .text.memcpy   0x00000000000020c8      0x138 /media/ps3dev/usr/local/ps3dev/spu/bin/../lib/gcc/spu/4.5.2/../../../../spu/lib/libc.a(lib_a-memcpy.o)
                0x00000000000020c8                memcpy
 .text          0x0000000000002200        0x0 /media/ps3dev/usr/local/ps3dev/spu/bin/../lib/gcc/spu/4.5.2/../../../../spu/lib/libc.a(lib_a-memset.o)
 .text.memset   0x0000000000002200      0x130 /media/ps3dev/usr/local/ps3dev/spu/bin/../lib/gcc/spu/4.5.2/../../../../spu/lib/libc.a(lib_a-memset.o)
                0x0000000000002200                memset
 .text          0x0000000000002330        0x0 /media/ps3dev/usr/local/ps3dev/spu/bin/../lib/gcc/spu/4.5.2/../../../../spu/lib/libc.a(lib_a-__atexit.o)
 .text.__register_exitproc
                0x0000000000002330      0x148 /media/ps3dev/usr/local/ps3dev/spu/bin/../lib/gcc/spu/4.5.2/../../../../spu/lib/libc.a(lib_a-__atexit.o)
                0x0000000000002330                __register_exitproc
 .text          0x0000000000002478        0x0 /media/ps3dev/usr/local/ps3dev/spu/bin/../lib/gcc/spu/4.5.2/../../../../spu/lib/libc.a(lib_a-__call_atexit.o)
 .text.__call_exitprocs
                0x0000000000002478      0x208 /media/ps3dev/usr/local/ps3dev/spu/bin/../lib/gcc/spu/4.5.2/../../../../spu/lib/libc.a(lib_a-__call_atexit.o)
                0x0000000000002478                __call_exitprocs
 .text          0x0000000000002680      0xc90 /media/ps3dev/usr/local/ps3dev/spu/bin/../lib/gcc/spu/4.5.2/libgcc.a(_umoddi3.o)
                0x0000000000002680                __umoddi3
 .text          0x0000000000003310        0x0 /media/ps3dev/usr/local/ps3dev/spu/bin/../lib/gcc/spu/4.5.2/libgcc.a(_clz.o)
 .text          0x0000000000003310       0x28 /media/ps3dev/usr/local/ps3dev/spu/bin/../lib/gcc/spu/4.5.2/../../../../spu/lib/libgloss.a(exit.o)
                0x0000000000003310                _exit
 .text          0x0000000000003338       0x70 /media/ps3dev/usr/local/ps3dev/spu/bin/../lib/gcc/spu/4.5.2/crtend.o
 .text          0x00000000000033a8        0x0 /media/ps3dev/usr/local/ps3dev/spu/bin/../lib/gcc/spu/4.5.2/../../../../spu/lib/crtn.o
 *(.gnu.warning)

.fini           0x00000000000033a8       0x1c
 *(.fini)
 .fini          0x00000000000033a8        0xc /media/ps3dev/usr/local/ps3dev/spu/bin/../lib/gcc/spu/4.5.2/../../../../spu/lib/crti.o
                0x00000000000033a8                _fini
 .fini          0x00000000000033b4        0x4 /media/ps3dev/usr/local/ps3dev/spu/bin/../lib/gcc/spu/4.5.2/crtbegin.o
 .fini          0x00000000000033b8        0xc /media/ps3dev/usr/local/ps3dev/spu/bin/../lib/gcc/spu/4.5.2/../../../../spu/lib/crtn.o
                0x00000000000033c4                PROVIDE (__etext, .)
                0x00000000000033c4                PROVIDE (_etext, .)
                0x00000000000033c4                PROVIDE (etext, .)

.rodata         0x00000000000033d0      0x140
 *(.rodata .rodata.* .gnu.linkonce.r.*)
 .rodata.cst16  0x00000000000033d0       0x10 main.o
 .rodata.str1.16
                0x00000000000033e0       0x10 /media/ps3dev/usr/local/ps3dev/spu/bin/../lib/gcc/spu/4.5.2/../../../../spu/lib/libc.a(lib_a-impure.o)
 .rodata._global_impure_ptr
                0x00000000000033f0       0x10 /media/ps3dev/usr/local/ps3dev/spu/bin/../lib/gcc/spu/4.5.2/../../../../spu/lib/libc.a(lib_a-impure.o)
                0x00000000000033f0                _global_impure_ptr
 .rodata.cst16  0x0000000000003400       0x10 /media/ps3dev/usr/local/ps3dev/spu/bin/../lib/gcc/spu/4.5.2/../../../../spu/lib/libc.a(lib_a-memcpy.o)
 .rodata        0x0000000000003410      0x100 /media/ps3dev/usr/local/ps3dev/spu/bin/../lib/gcc/spu/4.5.2/libgcc.a(_clz.o)
                0x0000000000003410                __clz_tab

.rodata1
 *(.rodata1)

.fixup          0x0000000000003510        0x0
                0x0000000000003510                PROVIDE (__fixup_start, .)
 *(.fixup)

.eh_frame_hdr
 *(.eh_frame_hdr)

.eh_frame
 *(.eh_frame)

.gcc_except_table
 *(.gcc_except_table .gcc_except_table.*)
                0x0000000000003580                . = ALIGN (0x80)

.eh_frame
 *(.eh_frame)

.gcc_except_table
 *(.gcc_except_table .gcc_except_table.*)

.tdata
 *(.tdata .tdata.* .gnu.linkonce.td.*)

.tbss
 *(.tbss .tbss.* .gnu.linkonce.tb.*)
 *(.tcommon)

.preinit_array  0x0000000000003580        0x0
                0x0000000000003580                PROVIDE (__preinit_array_start, .)
 *(.preinit_array)
                0x0000000000003580                PROVIDE (__preinit_array_end, .)

.init_array     0x0000000000003580        0x0
                0x0000000000003580                PROVIDE (__init_array_start, .)
 *(SORT(.init_array.*))
 *(.init_array)
                0x0000000000003580                PROVIDE (__init_array_end, .)

.fini_array     0x0000000000003580        0x0
                0x0000000000003580                PROVIDE (__fini_array_start, .)
 *(SORT(.fini_array.*))
 *(.fini_array)
                0x0000000000003580                PROVIDE (__fini_array_end, .)

.ctors          0x0000000000003580        0x8
 *crtbegin.o(.ctors)
 .ctors         0x0000000000003580        0x4 /media/ps3dev/usr/local/ps3dev/spu/bin/../lib/gcc/spu/4.5.2/crtbegin.o
 *crtbegin?.o(.ctors)
 *(EXCLUDE_FILE(*crtend?.o *crtend.o) .ctors)
 *(SORT(.ctors.*))
 *(.ctors)
 .ctors         0x0000000000003584        0x4 /media/ps3dev/usr/local/ps3dev/spu/bin/../lib/gcc/spu/4.5.2/crtend.o

.dtors          0x0000000000003588        0x8
 *crtbegin.o(.dtors)
 .dtors         0x0000000000003588        0x4 /media/ps3dev/usr/local/ps3dev/spu/bin/../lib/gcc/spu/4.5.2/crtbegin.o
 *crtbegin?.o(.dtors)
 *(EXCLUDE_FILE(*crtend?.o *crtend.o) .dtors)
 *(SORT(.dtors.*))
 *(.dtors)
 .dtors         0x000000000000358c        0x4 /media/ps3dev/usr/local/ps3dev/spu/bin/../lib/gcc/spu/4.5.2/crtend.o
                0x000000000000358c                __DTOR_END__

.jcr            0x0000000000003590        0x4
 *(.jcr)
 .jcr           0x0000000000003590        0x0 /media/ps3dev/usr/local/ps3dev/spu/bin/../lib/gcc/spu/4.5.2/crtbegin.o
 .jcr           0x0000000000003590        0x4 /media/ps3dev/usr/local/ps3dev/spu/bin/../lib/gcc/spu/4.5.2/crtend.o

.data.rel.ro
 *(.data.rel.ro.local* .gnu.linkonce.d.rel.ro.local.*)
 *(.data.rel.ro* .gnu.linkonce.d.rel.ro.*)

.dynamic
 *(.dynamic)

.got
 *(.got.plt)
 *(.igot.plt)
 *(.got)
 *(.igot)

.data           0x00000000000035a0      0x330
 *(.data .data.* .gnu.linkonce.d.*)
 .data          0x00000000000035a0        0x0 /media/ps3dev/usr/local/ps3dev/spu/bin/../lib/gcc/spu/4.5.2/../../../../spu/lib/crt1.o
 .data          0x00000000000035a0        0x0 /media/ps3dev/usr/local/ps3dev/spu/bin/../lib/gcc/spu/4.5.2/../../../../spu/lib/crti.o
 .data          0x00000000000035a0       0x10 /media/ps3dev/usr/local/ps3dev/spu/bin/../lib/gcc/spu/4.5.2/crtbegin.o
                0x00000000000035a0                __dso_handle
 .data          0x00000000000035b0       0x10 main.o
                0x00000000000035b0                spu_mute
 .data          0x00000000000035c0        0x0 /media/ps3dev/usr/local/ps3dev/spu/bin/../lib/gcc/spu/4.5.2/../../../../spu/lib/libc.a(lib_a-atexit.o)
 .data          0x00000000000035c0        0x0 /media/ps3dev/usr/local/ps3dev/spu/bin/../lib/gcc/spu/4.5.2/../../../../spu/lib/libc.a(lib_a-exit.o)
 .data          0x00000000000035c0        0x0 /media/ps3dev/usr/local/ps3dev/spu/bin/../lib/gcc/spu/4.5.2/../../../../spu/lib/libc.a(lib_a-impure.o)
 .data._impure_data
                0x00000000000035c0      0x300 /media/ps3dev/usr/local/ps3dev/spu/bin/../lib/gcc/spu/4.5.2/../../../../spu/lib/libc.a(lib_a-impure.o)
                0x00000000000035c0                _impure_data
 .data._impure_ptr
                0x00000000000038c0       0x10 /media/ps3dev/usr/local/ps3dev/spu/bin/../lib/gcc/spu/4.5.2/../../../../spu/lib/libc.a(lib_a-impure.o)
                0x00000000000038c0                _impure_ptr
 .data          0x00000000000038d0        0x0 /media/ps3dev/usr/local/ps3dev/spu/bin/../lib/gcc/spu/4.5.2/../../../../spu/lib/libc.a(lib_a-memcpy.o)
 .data          0x00000000000038d0        0x0 /media/ps3dev/usr/local/ps3dev/spu/bin/../lib/gcc/spu/4.5.2/../../../../spu/lib/libc.a(lib_a-memset.o)
 .data          0x00000000000038d0        0x0 /media/ps3dev/usr/local/ps3dev/spu/bin/../lib/gcc/spu/4.5.2/../../../../spu/lib/libc.a(lib_a-__atexit.o)
 .data          0x00000000000038d0        0x0 /media/ps3dev/usr/local/ps3dev/spu/bin/../lib/gcc/spu/4.5.2/../../../../spu/lib/libc.a(lib_a-__call_atexit.o)
 .data          0x00000000000038d0        0x0 /media/ps3dev/usr/local/ps3dev/spu/bin/../lib/gcc/spu/4.5.2/libgcc.a(_umoddi3.o)
 .data          0x00000000000038d0        0x0 /media/ps3dev/usr/local/ps3dev/spu/bin/../lib/gcc/spu/4.5.2/libgcc.a(_clz.o)
 .data          0x00000000000038d0        0x0 /media/ps3dev/usr/local/ps3dev/spu/bin/../lib/gcc/spu/4.5.2/../../../../spu/lib/libgloss.a(exit.o)
 .data          0x00000000000038d0        0x0 /media/ps3dev/usr/local/ps3dev/spu/bin/../lib/gcc/spu/4.5.2/crtend.o
 .data          0x00000000000038d0        0x0 /media/ps3dev/usr/local/ps3dev/spu/bin/../lib/gcc/spu/4.5.2/../../../../spu/lib/crtn.o

.data1
 *(.data1)
                0x00000000000038d0                _edata = .
                0x00000000000038d0                PROVIDE (edata, .)
                0x00000000000038d0                __bss_start = .

.bss            0x0000000000003900     0x1700
 *(.dynbss)
 *(.bss .bss.* .gnu.linkonce.b.*)
 .bss           0x0000000000003900        0x0 /media/ps3dev/usr/local/ps3dev/spu/bin/../lib/gcc/spu/4.5.2/../../../../spu/lib/crt1.o
 .bss           0x0000000000003900        0x0 /media/ps3dev/usr/local/ps3dev/spu/bin/../lib/gcc/spu/4.5.2/../../../../spu/lib/crti.o
 .bss           0x0000000000003900       0x20 /media/ps3dev/usr/local/ps3dev/spu/bin/../lib/gcc/spu/4.5.2/crtbegin.o
 *fill*         0x0000000000003920       0x60 00
 .bss           0x0000000000003980       0x80 main.o
 .bss           0x0000000000003a00        0x0 /media/ps3dev/usr/local/ps3dev/spu/bin/../lib/gcc/spu/4.5.2/../../../../spu/lib/libc.a(lib_a-atexit.o)
 .bss           0x0000000000003a00        0x0 /media/ps3dev/usr/local/ps3dev/spu/bin/../lib/gcc/spu/4.5.2/../../../../spu/lib/libc.a(lib_a-exit.o)
 .bss           0x0000000000003a00        0x0 /media/ps3dev/usr/local/ps3dev/spu/bin/../lib/gcc/spu/4.5.2/../../../../spu/lib/libc.a(lib_a-impure.o)
 .bss           0x0000000000003a00        0x0 /media/ps3dev/usr/local/ps3dev/spu/bin/../lib/gcc/spu/4.5.2/../../../../spu/lib/libc.a(lib_a-memcpy.o)
 .bss           0x0000000000003a00        0x0 /media/ps3dev/usr/local/ps3dev/spu/bin/../lib/gcc/spu/4.5.2/../../../../spu/lib/libc.a(lib_a-memset.o)
 .bss           0x0000000000003a00        0x0 /media/ps3dev/usr/local/ps3dev/spu/bin/../lib/gcc/spu/4.5.2/../../../../spu/lib/libc.a(lib_a-__atexit.o)
 .bss           0x0000000000003a00        0x0 /media/ps3dev/usr/local/ps3dev/spu/bin/../lib/gcc/spu/4.5.2/../../../../spu/lib/libc.a(lib_a-__call_atexit.o)
 .bss           0x0000000000003a00        0x0 /media/ps3dev/usr/local/ps3dev/spu/bin/../lib/gcc/spu/4.5.2/libgcc.a(_umoddi3.o)
 .bss           0x0000000000003a00        0x0 /media/ps3dev/usr/local/ps3dev/spu/bin/../lib/gcc/spu/4.5.2/libgcc.a(_clz.o)
 .bss           0x0000000000003a00        0x0 /media/ps3dev/usr/local/ps3dev/spu/bin/../lib/gcc/spu/4.5.2/../../../../spu/lib/libgloss.a(exit.o)
 .bss           0x0000000000003a00        0x0 /media/ps3dev/usr/local/ps3dev/spu/bin/../lib/gcc/spu/4.5.2/crtend.o
 .bss           0x0000000000003a00        0x0 /media/ps3dev/usr/local/ps3dev/spu/bin/../lib/gcc/spu/4.5.2/../../../../spu/lib/crtn.o
 *(COMMON)
 COMMON         0x0000000000003a00       0x10 /media/ps3dev/usr/local/ps3dev/spu/bin/../lib/gcc/spu/4.5.2/../../../../spu/lib/crt1.o
                0x0000000000003a00                __ea_local_store
 *fill*         0x0000000000003a10       0x70 00
 COMMON         0x0000000000003a80     0x1580 main.o
                0x0000000000003a80                audio_config
                0x0000000000003aa0                spu_voice
                0x0000000000004000                cache_samples
                0x0000000000004800                samples
                0x0000000000005000                . = ALIGN ((. != 0x0)?0x10:0x1)

.toe
 *(.toe)
                0x0000000000005000                . = ALIGN (0x10)
                0x0000000000005000                . = ALIGN (0x10)
                0x000000000003fff0                PROVIDE (__stack, 0x3fff0)
                0x0000000000005000                _end = .
                0x0000000000005000                PROVIDE (end, .)

.stab
 *(.stab)

.stabstr
 *(.stabstr)

.stab.excl
 *(.stab.excl)

.stab.exclstr
 *(.stab.exclstr)

.stab.index
 *(.stab.index)

.stab.indexstr
 *(.stab.indexstr)

.comment        0x0000000000000000       0x11
 *(.comment)
 .comment       0x0000000000000000       0x11 /media/ps3dev/usr/local/ps3dev/spu/bin/../lib/gcc/spu/4.5.2/crtbegin.o
                                         0x12 (size before relaxing)
 .comment       0x0000000000000000       0x12 main.o
 .comment       0x0000000000000000       0x12 /media/ps3dev/usr/local/ps3dev/spu/bin/../lib/gcc/spu/4.5.2/../../../../spu/lib/libc.a(lib_a-atexit.o)
 .comment       0x0000000000000000       0x12 /media/ps3dev/usr/local/ps3dev/spu/bin/../lib/gcc/spu/4.5.2/../../../../spu/lib/libc.a(lib_a-exit.o)
 .comment       0x0000000000000000       0x12 /media/ps3dev/usr/local/ps3dev/spu/bin/../lib/gcc/spu/4.5.2/../../../../spu/lib/libc.a(lib_a-impure.o)
 .comment       0x0000000000000000       0x12 /media/ps3dev/usr/local/ps3dev/spu/bin/../lib/gcc/spu/4.5.2/../../../../spu/lib/libc.a(lib_a-memcpy.o)
 .comment       0x0000000000000000       0x12 /media/ps3dev/usr/local/ps3dev/spu/bin/../lib/gcc/spu/4.5.2/../../../../spu/lib/libc.a(lib_a-memset.o)
 .comment       0x0000000000000000       0x12 /media/ps3dev/usr/local/ps3dev/spu/bin/../lib/gcc/spu/4.5.2/../../../../spu/lib/libc.a(lib_a-__atexit.o)
 .comment       0x0000000000000000       0x12 /media/ps3dev/usr/local/ps3dev/spu/bin/../lib/gcc/spu/4.5.2/../../../../spu/lib/libc.a(lib_a-__call_atexit.o)
 .comment       0x0000000000000000       0x12 /media/ps3dev/usr/local/ps3dev/spu/bin/../lib/gcc/spu/4.5.2/libgcc.a(_umoddi3.o)
 .comment       0x0000000000000000       0x12 /media/ps3dev/usr/local/ps3dev/spu/bin/../lib/gcc/spu/4.5.2/libgcc.a(_clz.o)
 .comment       0x0000000000000000       0x12 /media/ps3dev/usr/local/ps3dev/spu/bin/../lib/gcc/spu/4.5.2/../../../../spu/lib/libgloss.a(exit.o)
 .comment       0x0000000000000000       0x12 /media/ps3dev/usr/local/ps3dev/spu/bin/../lib/gcc/spu/4.5.2/crtend.o

.debug
 *(.debug)

.line
 *(.line)

.debug_srcinfo
 *(.debug_srcinfo)

.debug_sfnames
 *(.debug_sfnames)

.debug_aranges  0x0000000000000000      0x178
 *(.debug_aranges)
 .debug_aranges
                0x0000000000000000       0x20 /media/ps3dev/usr/local/ps3dev/spu/bin/../lib/gcc/spu/4.5.2/../../../../spu/lib/crt1.o
 .debug_aranges
                0x0000000000000020       0x28 /media/ps3dev/usr/local/ps3dev/spu/bin/../lib/gcc/spu/4.5.2/../../../../spu/lib/crti.o
 .debug_aranges
                0x0000000000000048       0x20 /media/ps3dev/usr/local/ps3dev/spu/bin/../lib/gcc/spu/4.5.2/../../../../spu/lib/libc.a(lib_a-atexit.o)
 .debug_aranges
                0x0000000000000068       0x20 /media/ps3dev/usr/local/ps3dev/spu/bin/../lib/gcc/spu/4.5.2/../../../../spu/lib/libc.a(lib_a-exit.o)
 .debug_aranges
                0x0000000000000088       0x20 /media/ps3dev/usr/local/ps3dev/spu/bin/../lib/gcc/spu/4.5.2/../../../../spu/lib/libc.a(lib_a-memcpy.o)
 .debug_aranges
                0x00000000000000a8       0x20 /media/ps3dev/usr/local/ps3dev/spu/bin/../lib/gcc/spu/4.5.2/../../../../spu/lib/libc.a(lib_a-memset.o)
 .debug_aranges
                0x00000000000000c8       0x20 /media/ps3dev/usr/local/ps3dev/spu/bin/../lib/gcc/spu/4.5.2/../../../../spu/lib/libc.a(lib_a-__atexit.o)
 .debug_aranges
                0x00000000000000e8       0x20 /media/ps3dev/usr/local/ps3dev/spu/bin/../lib/gcc/spu/4.5.2/../../../../spu/lib/libc.a(lib_a-__call_atexit.o)
 .debug_aranges
                0x0000000000000108       0x20 /media/ps3dev/usr/local/ps3dev/spu/bin/../lib/gcc/spu/4.5.2/libgcc.a(_umoddi3.o)
 .debug_aranges
                0x0000000000000128       0x20 /media/ps3dev/usr/local/ps3dev/spu/bin/../lib/gcc/spu/4.5.2/../../../../spu/lib/libgloss.a(exit.o)
 .debug_aranges
                0x0000000000000148       0x30 /media/ps3dev/usr/local/ps3dev/spu/bin/../lib/gcc/spu/4.5.2/../../../../spu/lib/crtn.o

.debug_pubnames
                0x0000000000000000      0x169
 *(.debug_pubnames)
 .debug_pubnames
                0x0000000000000000       0x1d /media/ps3dev/usr/local/ps3dev/spu/bin/../lib/gcc/spu/4.5.2/../../../../spu/lib/libc.a(lib_a-atexit.o)
 .debug_pubnames
                0x000000000000001d       0x1b /media/ps3dev/usr/local/ps3dev/spu/bin/../lib/gcc/spu/4.5.2/../../../../spu/lib/libc.a(lib_a-exit.o)
 .debug_pubnames
                0x0000000000000038       0x4a /media/ps3dev/usr/local/ps3dev/spu/bin/../lib/gcc/spu/4.5.2/../../../../spu/lib/libc.a(lib_a-impure.o)
 .debug_pubnames
                0x0000000000000082       0x1d /media/ps3dev/usr/local/ps3dev/spu/bin/../lib/gcc/spu/4.5.2/../../../../spu/lib/libc.a(lib_a-memcpy.o)
 .debug_pubnames
                0x000000000000009f       0x1d /media/ps3dev/usr/local/ps3dev/spu/bin/../lib/gcc/spu/4.5.2/../../../../spu/lib/libc.a(lib_a-memset.o)
 .debug_pubnames
                0x00000000000000bc       0x2a /media/ps3dev/usr/local/ps3dev/spu/bin/../lib/gcc/spu/4.5.2/../../../../spu/lib/libc.a(lib_a-__atexit.o)
 .debug_pubnames
                0x00000000000000e6       0x27 /media/ps3dev/usr/local/ps3dev/spu/bin/../lib/gcc/spu/4.5.2/../../../../spu/lib/libc.a(lib_a-__call_atexit.o)
 .debug_pubnames
                0x000000000000010d       0x20 /media/ps3dev/usr/local/ps3dev/spu/bin/../lib/gcc/spu/4.5.2/libgcc.a(_umoddi3.o)
 .debug_pubnames
                0x000000000000012d       0x20 /media/ps3dev/usr/local/ps3dev/spu/bin/../lib/gcc/spu/4.5.2/libgcc.a(_clz.o)
 .debug_pubnames
                0x000000000000014d       0x1c /media/ps3dev/usr/local/ps3dev/spu/bin/../lib/gcc/spu/4.5.2/../../../../spu/lib/libgloss.a(exit.o)

.debug_info     0x0000000000000000     0x2bc5
 *(.debug_info .gnu.linkonce.wi.*)
 .debug_info    0x0000000000000000       0x98 /media/ps3dev/usr/local/ps3dev/spu/bin/../lib/gcc/spu/4.5.2/../../../../spu/lib/crt1.o
 .debug_info    0x0000000000000098       0x7b /media/ps3dev/usr/local/ps3dev/spu/bin/../lib/gcc/spu/4.5.2/../../../../spu/lib/crti.o
 .debug_info    0x0000000000000113       0xc5 /media/ps3dev/usr/local/ps3dev/spu/bin/../lib/gcc/spu/4.5.2/../../../../spu/lib/libc.a(lib_a-atexit.o)
 .debug_info    0x00000000000001d8      0x744 /media/ps3dev/usr/local/ps3dev/spu/bin/../lib/gcc/spu/4.5.2/../../../../spu/lib/libc.a(lib_a-exit.o)
 .debug_info    0x000000000000091c      0x740 /media/ps3dev/usr/local/ps3dev/spu/bin/../lib/gcc/spu/4.5.2/../../../../spu/lib/libc.a(lib_a-impure.o)
 .debug_info    0x000000000000105c      0x1a4 /media/ps3dev/usr/local/ps3dev/spu/bin/../lib/gcc/spu/4.5.2/../../../../spu/lib/libc.a(lib_a-memcpy.o)
 .debug_info    0x0000000000001200      0x11a /media/ps3dev/usr/local/ps3dev/spu/bin/../lib/gcc/spu/4.5.2/../../../../spu/lib/libc.a(lib_a-memset.o)
 .debug_info    0x000000000000131a      0x7be /media/ps3dev/usr/local/ps3dev/spu/bin/../lib/gcc/spu/4.5.2/../../../../spu/lib/libc.a(lib_a-__atexit.o)
 .debug_info    0x0000000000001ad8      0x7c8 /media/ps3dev/usr/local/ps3dev/spu/bin/../lib/gcc/spu/4.5.2/../../../../spu/lib/libc.a(lib_a-__call_atexit.o)
 .debug_info    0x00000000000022a0      0x796 /media/ps3dev/usr/local/ps3dev/spu/bin/../lib/gcc/spu/4.5.2/libgcc.a(_umoddi3.o)
 .debug_info    0x0000000000002a36       0xc2 /media/ps3dev/usr/local/ps3dev/spu/bin/../lib/gcc/spu/4.5.2/libgcc.a(_clz.o)
 .debug_info    0x0000000000002af8       0x52 /media/ps3dev/usr/local/ps3dev/spu/bin/../lib/gcc/spu/4.5.2/../../../../spu/lib/libgloss.a(exit.o)
 .debug_info    0x0000000000002b4a       0x7b /media/ps3dev/usr/local/ps3dev/spu/bin/../lib/gcc/spu/4.5.2/../../../../spu/lib/crtn.o

.debug_abbrev   0x0000000000000000      0xae1
 *(.debug_abbrev)
 .debug_abbrev  0x0000000000000000       0x14 /media/ps3dev/usr/local/ps3dev/spu/bin/../lib/gcc/spu/4.5.2/../../../../spu/lib/crt1.o
 .debug_abbrev  0x0000000000000014       0x12 /media/ps3dev/usr/local/ps3dev/spu/bin/../lib/gcc/spu/4.5.2/../../../../spu/lib/crti.o
 .debug_abbrev  0x0000000000000026       0x7a /media/ps3dev/usr/local/ps3dev/spu/bin/../lib/gcc/spu/4.5.2/../../../../spu/lib/libc.a(lib_a-atexit.o)
 .debug_abbrev  0x00000000000000a0      0x174 /media/ps3dev/usr/local/ps3dev/spu/bin/../lib/gcc/spu/4.5.2/../../../../spu/lib/libc.a(lib_a-exit.o)
 .debug_abbrev  0x0000000000000214      0x16e /media/ps3dev/usr/local/ps3dev/spu/bin/../lib/gcc/spu/4.5.2/../../../../spu/lib/libc.a(lib_a-impure.o)
 .debug_abbrev  0x0000000000000382       0xb8 /media/ps3dev/usr/local/ps3dev/spu/bin/../lib/gcc/spu/4.5.2/../../../../spu/lib/libc.a(lib_a-memcpy.o)
 .debug_abbrev  0x000000000000043a       0xcf /media/ps3dev/usr/local/ps3dev/spu/bin/../lib/gcc/spu/4.5.2/../../../../spu/lib/libc.a(lib_a-memset.o)
 .debug_abbrev  0x0000000000000509      0x1ca /media/ps3dev/usr/local/ps3dev/spu/bin/../lib/gcc/spu/4.5.2/../../../../spu/lib/libc.a(lib_a-__atexit.o)
 .debug_abbrev  0x00000000000006d3      0x1c0 /media/ps3dev/usr/local/ps3dev/spu/bin/../lib/gcc/spu/4.5.2/../../../../spu/lib/libc.a(lib_a-__call_atexit.o)
 .debug_abbrev  0x0000000000000893      0x196 /media/ps3dev/usr/local/ps3dev/spu/bin/../lib/gcc/spu/4.5.2/libgcc.a(_umoddi3.o)
 .debug_abbrev  0x0000000000000a29       0x61 /media/ps3dev/usr/local/ps3dev/spu/bin/../lib/gcc/spu/4.5.2/libgcc.a(_clz.o)
 .debug_abbrev  0x0000000000000a8a       0x45 /media/ps3dev/usr/local/ps3dev/spu/bin/../lib/gcc/spu/4.5.2/../../../../spu/lib/libgloss.a(exit.o)
 .debug_abbrev  0x0000000000000acf       0x12 /media/ps3dev/usr/local/ps3dev/spu/bin/../lib/gcc/spu/4.5.2/../../../../spu/lib/crtn.o

.debug_line     0x0000000000000000      0xcb5
 *(.debug_line)
 .debug_line    0x0000000000000000       0x6e /media/ps3dev/usr/local/ps3dev/spu/bin/../lib/gcc/spu/4.5.2/../../../../spu/lib/crt1.o
 .debug_line    0x000000000000006e       0x45 /media/ps3dev/usr/local/ps3dev/spu/bin/../lib/gcc/spu/4.5.2/../../../../spu/lib/crti.o
 .debug_line    0x00000000000000b3       0xbd /media/ps3dev/usr/local/ps3dev/spu/bin/../lib/gcc/spu/4.5.2/../../../../spu/lib/libc.a(lib_a-atexit.o)
 .debug_line    0x0000000000000170      0x1cc /media/ps3dev/usr/local/ps3dev/spu/bin/../lib/gcc/spu/4.5.2/../../../../spu/lib/libc.a(lib_a-exit.o)
 .debug_line    0x000000000000033c      0x13d /media/ps3dev/usr/local/ps3dev/spu/bin/../lib/gcc/spu/4.5.2/../../../../spu/lib/libc.a(lib_a-impure.o)
 .debug_line    0x0000000000000479      0x112 /media/ps3dev/usr/local/ps3dev/spu/bin/../lib/gcc/spu/4.5.2/../../../../spu/lib/libc.a(lib_a-memcpy.o)
 .debug_line    0x000000000000058b      0x132 /media/ps3dev/usr/local/ps3dev/spu/bin/../lib/gcc/spu/4.5.2/../../../../spu/lib/libc.a(lib_a-memset.o)
 .debug_line    0x00000000000006bd      0x1af /media/ps3dev/usr/local/ps3dev/spu/bin/../lib/gcc/spu/4.5.2/../../../../spu/lib/libc.a(lib_a-__atexit.o)
 .debug_line    0x000000000000086c      0x1ea /media/ps3dev/usr/local/ps3dev/spu/bin/../lib/gcc/spu/4.5.2/../../../../spu/lib/libc.a(lib_a-__call_atexit.o)
 .debug_line    0x0000000000000a56      0x16d /media/ps3dev/usr/local/ps3dev/spu/bin/../lib/gcc/spu/4.5.2/libgcc.a(_umoddi3.o)
 .debug_line    0x0000000000000bc3       0x4e /media/ps3dev/usr/local/ps3dev/spu/bin/../lib/gcc/spu/4.5.2/libgcc.a(_clz.o)
 .debug_line    0x0000000000000c11       0x50 /media/ps3dev/usr/local/ps3dev/spu/bin/../lib/gcc/spu/4.5.2/../../../../spu/lib/libgloss.a(exit.o)
 .debug_line    0x0000000000000c61       0x54 /media/ps3dev/usr/local/ps3dev/spu/bin/../lib/gcc/spu/4.5.2/../../../../spu/lib/crtn.o

.debug_frame    0x0000000000000000      0x148
 *(.debug_frame)
 .debug_frame   0x0000000000000000       0x20 /media/ps3dev/usr/local/ps3dev/spu/bin/../lib/gcc/spu/4.5.2/../../../../spu/lib/libc.a(lib_a-atexit.o)
 .debug_frame   0x0000000000000020       0x2c /media/ps3dev/usr/local/ps3dev/spu/bin/../lib/gcc/spu/4.5.2/../../../../spu/lib/libc.a(lib_a-exit.o)
 .debug_frame   0x000000000000004c       0x20 /media/ps3dev/usr/local/ps3dev/spu/bin/../lib/gcc/spu/4.5.2/../../../../spu/lib/libc.a(lib_a-memcpy.o)
 .debug_frame   0x000000000000006c       0x20 /media/ps3dev/usr/local/ps3dev/spu/bin/../lib/gcc/spu/4.5.2/../../../../spu/lib/libc.a(lib_a-memset.o)
 .debug_frame   0x000000000000008c       0x20 /media/ps3dev/usr/local/ps3dev/spu/bin/../lib/gcc/spu/4.5.2/../../../../spu/lib/libc.a(lib_a-__atexit.o)
 .debug_frame   0x00000000000000ac       0x58 /media/ps3dev/usr/local/ps3dev/spu/bin/../lib/gcc/spu/4.5.2/../../../../spu/lib/libc.a(lib_a-__call_atexit.o)
 .debug_frame   0x0000000000000104       0x24 /media/ps3dev/usr/local/ps3dev/spu/bin/../lib/gcc/spu/4.5.2/libgcc.a(_umoddi3.o)
 .debug_frame   0x0000000000000128       0x20 /media/ps3dev/usr/local/ps3dev/spu/bin/../lib/gcc/spu/4.5.2/../../../../spu/lib/libgloss.a(exit.o)

.debug_str      0x0000000000000000      0x803
 *(.debug_str)
 .debug_str     0x0000000000000000      0x10d /media/ps3dev/usr/local/ps3dev/spu/bin/../lib/gcc/spu/4.5.2/../../../../spu/lib/libc.a(lib_a-atexit.o)
                                        0x14d (size before relaxing)
 .debug_str     0x000000000000010d      0x337 /media/ps3dev/usr/local/ps3dev/spu/bin/../lib/gcc/spu/4.5.2/../../../../spu/lib/libc.a(lib_a-exit.o)
                                        0x43c (size before relaxing)
 .debug_str     0x0000000000000444       0x9b /media/ps3dev/usr/local/ps3dev/spu/bin/../lib/gcc/spu/4.5.2/../../../../spu/lib/libc.a(lib_a-impure.o)
                                        0x45a (size before relaxing)
 .debug_str     0x00000000000004df       0xb1 /media/ps3dev/usr/local/ps3dev/spu/bin/../lib/gcc/spu/4.5.2/../../../../spu/lib/libc.a(lib_a-memcpy.o)
                                        0x14e (size before relaxing)
 .debug_str     0x0000000000000590       0x3f /media/ps3dev/usr/local/ps3dev/spu/bin/../lib/gcc/spu/4.5.2/../../../../spu/lib/libc.a(lib_a-memset.o)
                                         0xdb (size before relaxing)
 .debug_str     0x00000000000005cf       0x4f /media/ps3dev/usr/local/ps3dev/spu/bin/../lib/gcc/spu/4.5.2/../../../../spu/lib/libc.a(lib_a-__atexit.o)
                                        0x492 (size before relaxing)
 .debug_str     0x000000000000061e       0x51 /media/ps3dev/usr/local/ps3dev/spu/bin/../lib/gcc/spu/4.5.2/../../../../spu/lib/libc.a(lib_a-__call_atexit.o)
                                        0x464 (size before relaxing)
 .debug_str     0x000000000000066f      0x11e /media/ps3dev/usr/local/ps3dev/spu/bin/../lib/gcc/spu/4.5.2/libgcc.a(_umoddi3.o)
                                        0x1ce (size before relaxing)
 .debug_str     0x0000000000000000      0x138 /media/ps3dev/usr/local/ps3dev/spu/bin/../lib/gcc/spu/4.5.2/libgcc.a(_clz.o)
 .debug_str     0x000000000000078d       0x76 /media/ps3dev/usr/local/ps3dev/spu/bin/../lib/gcc/spu/4.5.2/../../../../spu/lib/libgloss.a(exit.o)
                                         0x82 (size before relaxing)

.debug_loc      0x0000000000000000     0x12d2
 *(.debug_loc)
 .debug_loc     0x0000000000000000       0x1e /media/ps3dev/usr/local/ps3dev/spu/bin/../lib/gcc/spu/4.5.2/../../../../spu/lib/libc.a(lib_a-atexit.o)
 .debug_loc     0x000000000000001e       0x3f /media/ps3dev/usr/local/ps3dev/spu/bin/../lib/gcc/spu/4.5.2/../../../../spu/lib/libc.a(lib_a-exit.o)
 .debug_loc     0x000000000000005d      0x19b /media/ps3dev/usr/local/ps3dev/spu/bin/../lib/gcc/spu/4.5.2/../../../../spu/lib/libc.a(lib_a-memcpy.o)
 .debug_loc     0x00000000000001f8      0x166 /media/ps3dev/usr/local/ps3dev/spu/bin/../lib/gcc/spu/4.5.2/../../../../spu/lib/libc.a(lib_a-memset.o)
 .debug_loc     0x000000000000035e       0xdb /media/ps3dev/usr/local/ps3dev/spu/bin/../lib/gcc/spu/4.5.2/../../../../spu/lib/libc.a(lib_a-__atexit.o)
 .debug_loc     0x0000000000000439      0x176 /media/ps3dev/usr/local/ps3dev/spu/bin/../lib/gcc/spu/4.5.2/../../../../spu/lib/libc.a(lib_a-__call_atexit.o)
 .debug_loc     0x00000000000005af      0xd23 /media/ps3dev/usr/local/ps3dev/spu/bin/../lib/gcc/spu/4.5.2/libgcc.a(_umoddi3.o)

.debug_macinfo
 *(.debug_macinfo)

.debug_weaknames
 *(.debug_weaknames)

.debug_funcnames
 *(.debug_funcnames)

.debug_typenames
 *(.debug_typenames)

.debug_varnames
 *(.debug_varnames)

.debug_pubtypes
                0x0000000000000000      0x391
 *(.debug_pubtypes)
 .debug_pubtypes
                0x0000000000000000       0x25 /media/ps3dev/usr/local/ps3dev/spu/bin/../lib/gcc/spu/4.5.2/../../../../spu/lib/libc.a(lib_a-atexit.o)
 .debug_pubtypes
                0x0000000000000025       0xa7 /media/ps3dev/usr/local/ps3dev/spu/bin/../lib/gcc/spu/4.5.2/../../../../spu/lib/libc.a(lib_a-exit.o)
 .debug_pubtypes
                0x00000000000000cc       0xa7 /media/ps3dev/usr/local/ps3dev/spu/bin/../lib/gcc/spu/4.5.2/../../../../spu/lib/libc.a(lib_a-impure.o)
 .debug_pubtypes
                0x0000000000000173       0x1d /media/ps3dev/usr/local/ps3dev/spu/bin/../lib/gcc/spu/4.5.2/../../../../spu/lib/libc.a(lib_a-memcpy.o)
 .debug_pubtypes
                0x0000000000000190       0x1d /media/ps3dev/usr/local/ps3dev/spu/bin/../lib/gcc/spu/4.5.2/../../../../spu/lib/libc.a(lib_a-memset.o)
 .debug_pubtypes
                0x00000000000001ad       0xba /media/ps3dev/usr/local/ps3dev/spu/bin/../lib/gcc/spu/4.5.2/../../../../spu/lib/libc.a(lib_a-__atexit.o)
 .debug_pubtypes
                0x0000000000000267       0xa7 /media/ps3dev/usr/local/ps3dev/spu/bin/../lib/gcc/spu/4.5.2/../../../../spu/lib/libc.a(lib_a-__call_atexit.o)
 .debug_pubtypes
                0x000000000000030e       0x65 /media/ps3dev/usr/local/ps3dev/spu/bin/../lib/gcc/spu/4.5.2/libgcc.a(_umoddi3.o)
 .debug_pubtypes
                0x0000000000000373       0x1e /media/ps3dev/usr/local/ps3dev/spu/bin/../lib/gcc/spu/4.5.2/libgcc.a(_clz.o)

.debug_ranges   0x0000000000000000      0x2f0
 *(.debug_ranges)
 .debug_ranges  0x0000000000000000       0x20 /media/ps3dev/usr/local/ps3dev/spu/bin/../lib/gcc/spu/4.5.2/../../../../spu/lib/crti.o
 .debug_ranges  0x0000000000000020       0x10 /media/ps3dev/usr/local/ps3dev/spu/bin/../lib/gcc/spu/4.5.2/../../../../spu/lib/libc.a(lib_a-atexit.o)
 .debug_ranges  0x0000000000000030       0x10 /media/ps3dev/usr/local/ps3dev/spu/bin/../lib/gcc/spu/4.5.2/../../../../spu/lib/libc.a(lib_a-exit.o)
 .debug_ranges  0x0000000000000040       0x10 /media/ps3dev/usr/local/ps3dev/spu/bin/../lib/gcc/spu/4.5.2/../../../../spu/lib/libc.a(lib_a-memcpy.o)
 .debug_ranges  0x0000000000000050       0x10 /media/ps3dev/usr/local/ps3dev/spu/bin/../lib/gcc/spu/4.5.2/../../../../spu/lib/libc.a(lib_a-memset.o)
 .debug_ranges  0x0000000000000060       0x10 /media/ps3dev/usr/local/ps3dev/spu/bin/../lib/gcc/spu/4.5.2/../../../../spu/lib/libc.a(lib_a-__atexit.o)
 .debug_ranges  0x0000000000000070       0x48 /media/ps3dev/usr/local/ps3dev/spu/bin/../lib/gcc/spu/4.5.2/../../../../spu/lib/libc.a(lib_a-__call_atexit.o)
 .debug_ranges  0x00000000000000b8      0x210 /media/ps3dev/usr/local/ps3dev/spu/bin/../lib/gcc/spu/4.5.2/libgcc.a(_umoddi3.o)
 .debug_ranges  0x00000000000002c8       0x28 /media/ps3dev/usr/local/ps3dev/spu/bin/../lib/gcc/spu/4.5.2/../../../../spu/lib/crtn.o

.gnu.attributes
 *(.gnu.attributes)

.note.spu_name  0x0000000000000000       0x74
 *(.note.spu_name)
 .note.spu_name
                0x0000000000000000       0x74 /media/ps3dev/usr/local/ps3dev/spu/bin/../lib/gcc/spu/4.5.2/../../../../spu/lib/crt1.o

._ea
 *(._ea)
 *(._ea.*)

/DISCARD/
 *(.note.GNU-stack)
 *(.gnu_debuglink)
 *(.gnu.lto_*)
OUTPUT(/media/ps3dev/usr/local/ps3dev/hermes-libs/ps3soundlib/libs/spu_soundmodule/spu_soundmodule.elf elf32-spu)
