Archive member included because of file (symbol)

/media/ps3dev/ps3dev/spu/lib/gcc/spu/4.7.0/../../../../spu/lib/libc.a(lib_a-atexit.o)
                              /media/ps3dev/ps3dev/spu/lib/gcc/spu/4.7.0/../../../../spu/lib/crt1.o (atexit)
/media/ps3dev/ps3dev/spu/lib/gcc/spu/4.7.0/../../../../spu/lib/libc.a(lib_a-exit.o)
                              /media/ps3dev/ps3dev/spu/lib/gcc/spu/4.7.0/../../../../spu/lib/crt1.o (exit)
/media/ps3dev/ps3dev/spu/lib/gcc/spu/4.7.0/../../../../spu/lib/libc.a(lib_a-impure.o)
                              /media/ps3dev/ps3dev/spu/lib/gcc/spu/4.7.0/../../../../spu/lib/libc.a(lib_a-exit.o) (_global_impure_ptr)
/media/ps3dev/ps3dev/spu/lib/gcc/spu/4.7.0/../../../../spu/lib/libc.a(lib_a-memcpy.o)
                              main.o (memcpy)
/media/ps3dev/ps3dev/spu/lib/gcc/spu/4.7.0/../../../../spu/lib/libc.a(lib_a-memset.o)
                              main.o (memset)
/media/ps3dev/ps3dev/spu/lib/gcc/spu/4.7.0/../../../../spu/lib/libc.a(lib_a-__atexit.o)
                              /media/ps3dev/ps3dev/spu/lib/gcc/spu/4.7.0/../../../../spu/lib/libc.a(lib_a-atexit.o) (__register_exitproc)
/media/ps3dev/ps3dev/spu/lib/gcc/spu/4.7.0/../../../../spu/lib/libc.a(lib_a-__call_atexit.o)
                              /media/ps3dev/ps3dev/spu/lib/gcc/spu/4.7.0/../../../../spu/lib/libc.a(lib_a-exit.o) (__call_exitprocs)
/media/ps3dev/ps3dev/spu/lib/gcc/spu/4.7.0/libgcc.a(_umoddi3.o)
                              main.o (__umoddi3)
/media/ps3dev/ps3dev/spu/lib/gcc/spu/4.7.0/libgcc.a(_clz.o)
                              /media/ps3dev/ps3dev/spu/lib/gcc/spu/4.7.0/libgcc.a(_umoddi3.o) (__clz_tab)
/media/ps3dev/ps3dev/spu/lib/gcc/spu/4.7.0/../../../../spu/lib/libgloss.a(exit.o)
                              /media/ps3dev/ps3dev/spu/lib/gcc/spu/4.7.0/../../../../spu/lib/libc.a(lib_a-exit.o) (_exit)

Allocating common symbols
Common symbol       size              file

audio_config        0x20              main.o
spu_voice           0x540             main.o
cache_samples       0x800             main.o
samples             0x800             main.o
__ea_local_store    0x10              /media/ps3dev/ps3dev/spu/lib/gcc/spu/4.7.0/../../../../spu/lib/crt1.o

Memory Configuration

Name             Origin             Length             Attributes
*default*        0x0000000000000000 0xffffffffffffffff

Linker script and memory map

LOAD /media/ps3dev/ps3dev/spu/lib/gcc/spu/4.7.0/../../../../spu/lib/crt1.o
LOAD /media/ps3dev/ps3dev/spu/lib/gcc/spu/4.7.0/../../../../spu/lib/crti.o
LOAD /media/ps3dev/ps3dev/spu/lib/gcc/spu/4.7.0/crtbegin.o
LOAD main.o
LOAD /media/ps3dev/ps3dev/libpsl1ght/spu/lib/libsputhread.a
LOAD /media/ps3dev/ps3dev/spu/lib/gcc/spu/4.7.0/../../../../spu/lib/libc.a
LOAD /media/ps3dev/ps3dev/spu/lib/gcc/spu/4.7.0/libgcc.a
START GROUP
LOAD /media/ps3dev/ps3dev/spu/lib/gcc/spu/4.7.0/../../../../spu/lib/libc.a
LOAD /media/ps3dev/ps3dev/spu/lib/gcc/spu/4.7.0/../../../../spu/lib/libgloss.a
END GROUP
LOAD /media/ps3dev/ps3dev/spu/lib/gcc/spu/4.7.0/libgcc_cachemgr.a
LOAD /media/ps3dev/ps3dev/spu/lib/gcc/spu/4.7.0/libgcc_cache64k.a
LOAD /media/ps3dev/ps3dev/spu/lib/gcc/spu/4.7.0/libgcc.a
LOAD /media/ps3dev/ps3dev/spu/lib/gcc/spu/4.7.0/crtend.o
LOAD /media/ps3dev/ps3dev/spu/lib/gcc/spu/4.7.0/../../../../spu/lib/crtn.o
                0x0000000000000000                PROVIDE (__executable_start, 0x0)
                0x0000000000000000                . = 0x0

.interrupt      0x0000000000000000        0x4
 *(.interrupt)
 .interrupt     0x0000000000000000        0x4 /media/ps3dev/ps3dev/spu/lib/gcc/spu/4.7.0/../../../../spu/lib/crtn.o

.interp
 *(.interp)

.note.gnu.build-id
 *(.note.gnu.build-id)

.hash
 *(.hash)

.gnu.hash
 *(.gnu.hash)

.dynsym
 *(.dynsym)

.dynstr
 *(.dynstr)

.gnu.version
 *(.gnu.version)

.gnu.version_d
 *(.gnu.version_d)

.gnu.version_r
 *(.gnu.version_r)

.rela.dyn       0x0000000000000004        0x0
 *(.rela.init)
 *(.rela.text .rela.text.* .rela.gnu.linkonce.t.*)
 *(.rela.fini)
 *(.rela.rodata .rela.rodata.* .rela.gnu.linkonce.r.*)
 *(.rela.data .rela.data.* .rela.gnu.linkonce.d.*)
 *(.rela.tdata .rela.tdata.* .rela.gnu.linkonce.td.*)
 *(.rela.tbss .rela.tbss.* .rela.gnu.linkonce.tb.*)
 *(.rela.ctors)
 *(.rela.dtors)
 *(.rela.got)
 *(.rela.bss .rela.bss.* .rela.gnu.linkonce.b.*)
                0x0000000000000004                PROVIDE (__rel_iplt_start, .)
                0x0000000000000004                PROVIDE (__rel_iplt_end, .)
                0x0000000000000004                PROVIDE (__rela_iplt_start, .)
 *(.rela.iplt)
                0x0000000000000004                PROVIDE (__rela_iplt_end, .)

.rela.plt
 *(.rela.plt)

.init           0x0000000000000004       0x20
 *(.init)
 .init          0x0000000000000004        0xc /media/ps3dev/ps3dev/spu/lib/gcc/spu/4.7.0/../../../../spu/lib/crti.o
                0x0000000000000004                _init
 .init          0x0000000000000010        0x4 /media/ps3dev/ps3dev/spu/lib/gcc/spu/4.7.0/crtbegin.o
 .init          0x0000000000000014        0x4 /media/ps3dev/ps3dev/spu/lib/gcc/spu/4.7.0/crtend.o
 .init          0x0000000000000018        0xc /media/ps3dev/ps3dev/spu/lib/gcc/spu/4.7.0/../../../../spu/lib/crtn.o

.plt
 *(.plt)

.iplt
 *(.iplt)

.text           0x0000000000000028     0x33d0
 *(.text.unlikely .text.*_unlikely)
 *(.text.exit .text.exit.*)
 .text.exit     0x0000000000000028       0x58 /media/ps3dev/ps3dev/spu/lib/gcc/spu/4.7.0/../../../../spu/lib/libc.a(lib_a-exit.o)
                0x0000000000000028                exit
 *(.text.startup .text.startup.*)
 .text.startup  0x0000000000000080     0x1660 main.o
                0x0000000000000080                main
 *(.text.hot .text.hot.*)
 *(.text .stub .text.* .gnu.linkonce.t.*)
 .text          0x00000000000016e0       0x68 /media/ps3dev/ps3dev/spu/lib/gcc/spu/4.7.0/../../../../spu/lib/crt1.o
                0x00000000000016e0                _start
 .text          0x0000000000001748        0x0 /media/ps3dev/ps3dev/spu/lib/gcc/spu/4.7.0/../../../../spu/lib/crti.o
 .text          0x0000000000001748      0x1b0 /media/ps3dev/ps3dev/spu/lib/gcc/spu/4.7.0/crtbegin.o
 .text          0x00000000000018f8      0x780 main.o
                0x00000000000018f8                unaligned_read
                0x0000000000002060                receive_command
 .text          0x0000000000002078        0x0 /media/ps3dev/ps3dev/spu/lib/gcc/spu/4.7.0/../../../../spu/lib/libc.a(lib_a-atexit.o)
 .text.atexit   0x0000000000002078       0x18 /media/ps3dev/ps3dev/spu/lib/gcc/spu/4.7.0/../../../../spu/lib/libc.a(lib_a-atexit.o)
                0x0000000000002078                atexit
 .text          0x0000000000002090        0x0 /media/ps3dev/ps3dev/spu/lib/gcc/spu/4.7.0/../../../../spu/lib/libc.a(lib_a-exit.o)
 .text          0x0000000000002090        0x0 /media/ps3dev/ps3dev/spu/lib/gcc/spu/4.7.0/../../../../spu/lib/libc.a(lib_a-impure.o)
 .text          0x0000000000002090        0x0 /media/ps3dev/ps3dev/spu/lib/gcc/spu/4.7.0/../../../../spu/lib/libc.a(lib_a-memcpy.o)
 .text.memcpy   0x0000000000002090      0x140 /media/ps3dev/ps3dev/spu/lib/gcc/spu/4.7.0/../../../../spu/lib/libc.a(lib_a-memcpy.o)
                0x0000000000002090                memcpy
 .text          0x00000000000021d0        0x0 /media/ps3dev/ps3dev/spu/lib/gcc/spu/4.7.0/../../../../spu/lib/libc.a(lib_a-memset.o)
 .text.memset   0x00000000000021d0      0x130 /media/ps3dev/ps3dev/spu/lib/gcc/spu/4.7.0/../../../../spu/lib/libc.a(lib_a-memset.o)
                0x00000000000021d0                memset
 .text          0x0000000000002300        0x0 /media/ps3dev/ps3dev/spu/lib/gcc/spu/4.7.0/../../../../spu/lib/libc.a(lib_a-__atexit.o)
 .text.__register_exitproc
                0x0000000000002300      0x140 /media/ps3dev/ps3dev/spu/lib/gcc/spu/4.7.0/../../../../spu/lib/libc.a(lib_a-__atexit.o)
                0x0000000000002300                __register_exitproc
 .text          0x0000000000002440        0x0 /media/ps3dev/ps3dev/spu/lib/gcc/spu/4.7.0/../../../../spu/lib/libc.a(lib_a-__call_atexit.o)
 .text.__call_exitprocs
                0x0000000000002440      0x258 /media/ps3dev/ps3dev/spu/lib/gcc/spu/4.7.0/../../../../spu/lib/libc.a(lib_a-__call_atexit.o)
                0x0000000000002440                __call_exitprocs
 .text          0x0000000000002698      0xcc0 /media/ps3dev/ps3dev/spu/lib/gcc/spu/4.7.0/libgcc.a(_umoddi3.o)
                0x0000000000002698                __umoddi3
 .text          0x0000000000003358        0x0 /media/ps3dev/ps3dev/spu/lib/gcc/spu/4.7.0/libgcc.a(_clz.o)
 .text          0x0000000000003358       0x28 /media/ps3dev/ps3dev/spu/lib/gcc/spu/4.7.0/../../../../spu/lib/libgloss.a(exit.o)
                0x0000000000003358                _exit
 .text          0x0000000000003380       0x78 /media/ps3dev/ps3dev/spu/lib/gcc/spu/4.7.0/crtend.o
 .text          0x00000000000033f8        0x0 /media/ps3dev/ps3dev/spu/lib/gcc/spu/4.7.0/../../../../spu/lib/crtn.o
 *(.gnu.warning)

.fini           0x00000000000033f8       0x1c
 *(.fini)
 .fini          0x00000000000033f8        0xc /media/ps3dev/ps3dev/spu/lib/gcc/spu/4.7.0/../../../../spu/lib/crti.o
                0x00000000000033f8                _fini
 .fini          0x0000000000003404        0x4 /media/ps3dev/ps3dev/spu/lib/gcc/spu/4.7.0/crtbegin.o
 .fini          0x0000000000003408        0xc /media/ps3dev/ps3dev/spu/lib/gcc/spu/4.7.0/../../../../spu/lib/crtn.o
                0x0000000000003414                PROVIDE (__etext, .)
                0x0000000000003414                PROVIDE (_etext, .)
                0x0000000000003414                PROVIDE (etext, .)

.rodata         0x0000000000003420      0x140
 *(.rodata .rodata.* .gnu.linkonce.r.*)
 .rodata.cst16  0x0000000000003420       0x10 main.o
 .rodata._global_impure_ptr
                0x0000000000003430       0x10 /media/ps3dev/ps3dev/spu/lib/gcc/spu/4.7.0/../../../../spu/lib/libc.a(lib_a-impure.o)
                0x0000000000003430                _global_impure_ptr
 .rodata.str1.16
                0x0000000000003440       0x10 /media/ps3dev/ps3dev/spu/lib/gcc/spu/4.7.0/../../../../spu/lib/libc.a(lib_a-impure.o)
 .rodata.cst16  0x0000000000003450       0x10 /media/ps3dev/ps3dev/spu/lib/gcc/spu/4.7.0/../../../../spu/lib/libc.a(lib_a-memcpy.o)
 .rodata        0x0000000000003460      0x100 /media/ps3dev/ps3dev/spu/lib/gcc/spu/4.7.0/libgcc.a(_clz.o)
                0x0000000000003460                __clz_tab

.rodata1
 *(.rodata1)

.fixup          0x0000000000003560        0x0
                0x0000000000003560                PROVIDE (__fixup_start, .)
 *(.fixup)

.eh_frame_hdr
 *(.eh_frame_hdr)

.eh_frame
 *(.eh_frame)

.gcc_except_table
 *(.gcc_except_table .gcc_except_table.*)

.exception_ranges
 *(.exception_ranges .exception_ranges*)
                0x0000000000003580                . = ALIGN (0x80)

.eh_frame
 *(.eh_frame)

.gcc_except_table
 *(.gcc_except_table .gcc_except_table.*)

.exception_ranges
 *(.exception_ranges .exception_ranges*)

.tdata
 *(.tdata .tdata.* .gnu.linkonce.td.*)

.tbss
 *(.tbss .tbss.* .gnu.linkonce.tb.*)
 *(.tcommon)

.preinit_array  0x0000000000003580        0x0
                0x0000000000003580                PROVIDE (__preinit_array_start, .)
 *(.preinit_array)
                0x0000000000003580                PROVIDE (__preinit_array_end, .)

.init_array     0x0000000000003580        0x0
                0x0000000000003580                PROVIDE (__init_array_start, .)
 *(SORT(.init_array.*))
 *(.init_array)
                0x0000000000003580                PROVIDE (__init_array_end, .)

.fini_array     0x0000000000003580        0x0
                0x0000000000003580                PROVIDE (__fini_array_start, .)
 *(SORT(.fini_array.*))
 *(.fini_array)
                0x0000000000003580                PROVIDE (__fini_array_end, .)

.ctors          0x0000000000003580        0x8
 *crtbegin.o(.ctors)
 .ctors         0x0000000000003580        0x4 /media/ps3dev/ps3dev/spu/lib/gcc/spu/4.7.0/crtbegin.o
 *crtbegin?.o(.ctors)
 *(EXCLUDE_FILE(*crtend?.o *crtend.o) .ctors)
 *(SORT(.ctors.*))
 *(.ctors)
 .ctors         0x0000000000003584        0x4 /media/ps3dev/ps3dev/spu/lib/gcc/spu/4.7.0/crtend.o

.dtors          0x0000000000003588        0x8
 *crtbegin.o(.dtors)
 .dtors         0x0000000000003588        0x4 /media/ps3dev/ps3dev/spu/lib/gcc/spu/4.7.0/crtbegin.o
 *crtbegin?.o(.dtors)
 *(EXCLUDE_FILE(*crtend?.o *crtend.o) .dtors)
 *(SORT(.dtors.*))
 *(.dtors)
 .dtors         0x000000000000358c        0x4 /media/ps3dev/ps3dev/spu/lib/gcc/spu/4.7.0/crtend.o
                0x000000000000358c                __DTOR_END__

.jcr            0x0000000000003590        0x4
 *(.jcr)
 .jcr           0x0000000000003590        0x0 /media/ps3dev/ps3dev/spu/lib/gcc/spu/4.7.0/crtbegin.o
 .jcr           0x0000000000003590        0x4 /media/ps3dev/ps3dev/spu/lib/gcc/spu/4.7.0/crtend.o

.data.rel.ro
 *(.data.rel.ro.local* .gnu.linkonce.d.rel.ro.local.*)
 *(.data.rel.ro* .gnu.linkonce.d.rel.ro.*)

.dynamic
 *(.dynamic)

.got
 *(.got.plt)
 *(.igot.plt)
 *(.got)
 *(.igot)

.data           0x00000000000035a0      0x330
 *(.data .data.* .gnu.linkonce.d.*)
 .data          0x00000000000035a0        0x0 /media/ps3dev/ps3dev/spu/lib/gcc/spu/4.7.0/../../../../spu/lib/crt1.o
 .data          0x00000000000035a0        0x0 /media/ps3dev/ps3dev/spu/lib/gcc/spu/4.7.0/../../../../spu/lib/crti.o
 .data          0x00000000000035a0       0x10 /media/ps3dev/ps3dev/spu/lib/gcc/spu/4.7.0/crtbegin.o
                0x00000000000035a0                __dso_handle
 .data          0x00000000000035b0       0x10 main.o
                0x00000000000035b0                spu_mute
 .data          0x00000000000035c0        0x0 /media/ps3dev/ps3dev/spu/lib/gcc/spu/4.7.0/../../../../spu/lib/libc.a(lib_a-atexit.o)
 .data          0x00000000000035c0        0x0 /media/ps3dev/ps3dev/spu/lib/gcc/spu/4.7.0/../../../../spu/lib/libc.a(lib_a-exit.o)
 .data          0x00000000000035c0        0x0 /media/ps3dev/ps3dev/spu/lib/gcc/spu/4.7.0/../../../../spu/lib/libc.a(lib_a-impure.o)
 .data._impure_ptr
                0x00000000000035c0       0x10 /media/ps3dev/ps3dev/spu/lib/gcc/spu/4.7.0/../../../../spu/lib/libc.a(lib_a-impure.o)
                0x00000000000035c0                _impure_ptr
 .data._impure_data
                0x00000000000035d0      0x300 /media/ps3dev/ps3dev/spu/lib/gcc/spu/4.7.0/../../../../spu/lib/libc.a(lib_a-impure.o)
                0x00000000000035d0                _impure_data
 .data          0x00000000000038d0        0x0 /media/ps3dev/ps3dev/spu/lib/gcc/spu/4.7.0/../../../../spu/lib/libc.a(lib_a-memcpy.o)
 .data          0x00000000000038d0        0x0 /media/ps3dev/ps3dev/spu/lib/gcc/spu/4.7.0/../../../../spu/lib/libc.a(lib_a-memset.o)
 .data          0x00000000000038d0        0x0 /media/ps3dev/ps3dev/spu/lib/gcc/spu/4.7.0/../../../../spu/lib/libc.a(lib_a-__atexit.o)
 .data          0x00000000000038d0        0x0 /media/ps3dev/ps3dev/spu/lib/gcc/spu/4.7.0/../../../../spu/lib/libc.a(lib_a-__call_atexit.o)
 .data          0x00000000000038d0        0x0 /media/ps3dev/ps3dev/spu/lib/gcc/spu/4.7.0/libgcc.a(_umoddi3.o)
 .data          0x00000000000038d0        0x0 /media/ps3dev/ps3dev/spu/lib/gcc/spu/4.7.0/libgcc.a(_clz.o)
 .data          0x00000000000038d0        0x0 /media/ps3dev/ps3dev/spu/lib/gcc/spu/4.7.0/../../../../spu/lib/libgloss.a(exit.o)
 .data          0x00000000000038d0        0x0 /media/ps3dev/ps3dev/spu/lib/gcc/spu/4.7.0/crtend.o
 .data          0x00000000000038d0        0x0 /media/ps3dev/ps3dev/spu/lib/gcc/spu/4.7.0/../../../../spu/lib/crtn.o

.tm_clone_table
                0x00000000000038d0        0x0
 .tm_clone_table
                0x00000000000038d0        0x0 /media/ps3dev/ps3dev/spu/lib/gcc/spu/4.7.0/crtbegin.o
 .tm_clone_table
                0x00000000000038d0        0x0 /media/ps3dev/ps3dev/spu/lib/gcc/spu/4.7.0/crtend.o

.data1
 *(.data1)
                0x00000000000038d0                _edata = .
                0x00000000000038d0                PROVIDE (edata, .)
                0x00000000000038d0                __bss_start = .

.bss            0x0000000000003900     0x1700
 *(.dynbss)
 *(.bss .bss.* .gnu.linkonce.b.*)
 .bss           0x0000000000003900        0x0 /media/ps3dev/ps3dev/spu/lib/gcc/spu/4.7.0/../../../../spu/lib/crt1.o
 .bss           0x0000000000003900        0x0 /media/ps3dev/ps3dev/spu/lib/gcc/spu/4.7.0/../../../../spu/lib/crti.o
 .bss           0x0000000000003900       0x20 /media/ps3dev/ps3dev/spu/lib/gcc/spu/4.7.0/crtbegin.o
 *fill*         0x0000000000003920       0x60 00
 .bss           0x0000000000003980       0x80 main.o
 .bss           0x0000000000003a00        0x0 /media/ps3dev/ps3dev/spu/lib/gcc/spu/4.7.0/../../../../spu/lib/libc.a(lib_a-atexit.o)
 .bss           0x0000000000003a00        0x0 /media/ps3dev/ps3dev/spu/lib/gcc/spu/4.7.0/../../../../spu/lib/libc.a(lib_a-exit.o)
 .bss           0x0000000000003a00        0x0 /media/ps3dev/ps3dev/spu/lib/gcc/spu/4.7.0/../../../../spu/lib/libc.a(lib_a-impure.o)
 .bss           0x0000000000003a00        0x0 /media/ps3dev/ps3dev/spu/lib/gcc/spu/4.7.0/../../../../spu/lib/libc.a(lib_a-memcpy.o)
 .bss           0x0000000000003a00        0x0 /media/ps3dev/ps3dev/spu/lib/gcc/spu/4.7.0/../../../../spu/lib/libc.a(lib_a-memset.o)
 .bss           0x0000000000003a00        0x0 /media/ps3dev/ps3dev/spu/lib/gcc/spu/4.7.0/../../../../spu/lib/libc.a(lib_a-__atexit.o)
 .bss           0x0000000000003a00        0x0 /media/ps3dev/ps3dev/spu/lib/gcc/spu/4.7.0/../../../../spu/lib/libc.a(lib_a-__call_atexit.o)
 .bss           0x0000000000003a00        0x0 /media/ps3dev/ps3dev/spu/lib/gcc/spu/4.7.0/libgcc.a(_umoddi3.o)
 .bss           0x0000000000003a00        0x0 /media/ps3dev/ps3dev/spu/lib/gcc/spu/4.7.0/libgcc.a(_clz.o)
 .bss           0x0000000000003a00        0x0 /media/ps3dev/ps3dev/spu/lib/gcc/spu/4.7.0/../../../../spu/lib/libgloss.a(exit.o)
 .bss           0x0000000000003a00        0x0 /media/ps3dev/ps3dev/spu/lib/gcc/spu/4.7.0/crtend.o
 .bss           0x0000000000003a00        0x0 /media/ps3dev/ps3dev/spu/lib/gcc/spu/4.7.0/../../../../spu/lib/crtn.o
 *(COMMON)
 COMMON         0x0000000000003a00       0x10 /media/ps3dev/ps3dev/spu/lib/gcc/spu/4.7.0/../../../../spu/lib/crt1.o
                0x0000000000003a00                __ea_local_store
 *fill*         0x0000000000003a10       0x70 00
 COMMON         0x0000000000003a80     0x1580 main.o
                0x0000000000003a80                audio_config
                0x0000000000003aa0                spu_voice
                0x0000000000004000                cache_samples
                0x0000000000004800                samples
                0x0000000000005000                . = ALIGN ((. != 0x0)?0x10:0x1)

.toe
 *(.toe)
                0x0000000000005000                . = ALIGN (0x10)
                0x0000000000005000                . = ALIGN (0x10)
                0x000000000003fff0                PROVIDE (__stack, 0x3fff0)
                0x0000000000005000                _end = .
                0x0000000000005000                PROVIDE (end, .)

.stab
 *(.stab)

.stabstr
 *(.stabstr)

.stab.excl
 *(.stab.excl)

.stab.exclstr
 *(.stab.exclstr)

.stab.index
 *(.stab.index)

.stab.indexstr
 *(.stab.indexstr)

.comment        0x0000000000000000       0x11
 *(.comment)
 .comment       0x0000000000000000       0x11 /media/ps3dev/ps3dev/spu/lib/gcc/spu/4.7.0/crtbegin.o
                                         0x12 (size before relaxing)
 .comment       0x0000000000000000       0x12 main.o
 .comment       0x0000000000000000       0x12 /media/ps3dev/ps3dev/spu/lib/gcc/spu/4.7.0/../../../../spu/lib/libc.a(lib_a-atexit.o)
 .comment       0x0000000000000000       0x12 /media/ps3dev/ps3dev/spu/lib/gcc/spu/4.7.0/../../../../spu/lib/libc.a(lib_a-exit.o)
 .comment       0x0000000000000000       0x12 /media/ps3dev/ps3dev/spu/lib/gcc/spu/4.7.0/../../../../spu/lib/libc.a(lib_a-impure.o)
 .comment       0x0000000000000000       0x12 /media/ps3dev/ps3dev/spu/lib/gcc/spu/4.7.0/../../../../spu/lib/libc.a(lib_a-memcpy.o)
 .comment       0x0000000000000000       0x12 /media/ps3dev/ps3dev/spu/lib/gcc/spu/4.7.0/../../../../spu/lib/libc.a(lib_a-memset.o)
 .comment       0x0000000000000000       0x12 /media/ps3dev/ps3dev/spu/lib/gcc/spu/4.7.0/../../../../spu/lib/libc.a(lib_a-__atexit.o)
 .comment       0x0000000000000000       0x12 /media/ps3dev/ps3dev/spu/lib/gcc/spu/4.7.0/../../../../spu/lib/libc.a(lib_a-__call_atexit.o)
 .comment       0x0000000000000000       0x12 /media/ps3dev/ps3dev/spu/lib/gcc/spu/4.7.0/libgcc.a(_umoddi3.o)
 .comment       0x0000000000000000       0x12 /media/ps3dev/ps3dev/spu/lib/gcc/spu/4.7.0/libgcc.a(_clz.o)
 .comment       0x0000000000000000       0x12 /media/ps3dev/ps3dev/spu/lib/gcc/spu/4.7.0/../../../../spu/lib/libgloss.a(exit.o)
 .comment       0x0000000000000000       0x12 /media/ps3dev/ps3dev/spu/lib/gcc/spu/4.7.0/crtend.o

.debug
 *(.debug)

.line
 *(.line)

.debug_srcinfo
 *(.debug_srcinfo)

.debug_sfnames
 *(.debug_sfnames)

.debug_aranges  0x0000000000000000      0x1a8
 *(.debug_aranges)
 .debug_aranges
                0x0000000000000000       0x20 /media/ps3dev/ps3dev/spu/lib/gcc/spu/4.7.0/../../../../spu/lib/crt1.o
 .debug_aranges
                0x0000000000000020       0x28 /media/ps3dev/ps3dev/spu/lib/gcc/spu/4.7.0/../../../../spu/lib/crti.o
 .debug_aranges
                0x0000000000000048       0x20 /media/ps3dev/ps3dev/spu/lib/gcc/spu/4.7.0/../../../../spu/lib/libc.a(lib_a-atexit.o)
 .debug_aranges
                0x0000000000000068       0x20 /media/ps3dev/ps3dev/spu/lib/gcc/spu/4.7.0/../../../../spu/lib/libc.a(lib_a-exit.o)
 .debug_aranges
                0x0000000000000088       0x18 /media/ps3dev/ps3dev/spu/lib/gcc/spu/4.7.0/../../../../spu/lib/libc.a(lib_a-impure.o)
 .debug_aranges
                0x00000000000000a0       0x20 /media/ps3dev/ps3dev/spu/lib/gcc/spu/4.7.0/../../../../spu/lib/libc.a(lib_a-memcpy.o)
 .debug_aranges
                0x00000000000000c0       0x20 /media/ps3dev/ps3dev/spu/lib/gcc/spu/4.7.0/../../../../spu/lib/libc.a(lib_a-memset.o)
 .debug_aranges
                0x00000000000000e0       0x20 /media/ps3dev/ps3dev/spu/lib/gcc/spu/4.7.0/../../../../spu/lib/libc.a(lib_a-__atexit.o)
 .debug_aranges
                0x0000000000000100       0x20 /media/ps3dev/ps3dev/spu/lib/gcc/spu/4.7.0/../../../../spu/lib/libc.a(lib_a-__call_atexit.o)
 .debug_aranges
                0x0000000000000120       0x20 /media/ps3dev/ps3dev/spu/lib/gcc/spu/4.7.0/libgcc.a(_umoddi3.o)
 .debug_aranges
                0x0000000000000140       0x18 /media/ps3dev/ps3dev/spu/lib/gcc/spu/4.7.0/libgcc.a(_clz.o)
 .debug_aranges
                0x0000000000000158       0x20 /media/ps3dev/ps3dev/spu/lib/gcc/spu/4.7.0/../../../../spu/lib/libgloss.a(exit.o)
 .debug_aranges
                0x0000000000000178       0x30 /media/ps3dev/ps3dev/spu/lib/gcc/spu/4.7.0/../../../../spu/lib/crtn.o

.debug_pubnames
 *(.debug_pubnames)

.debug_info     0x0000000000000000     0x2c2d
 *(.debug_info .gnu.linkonce.wi.*)
 .debug_info    0x0000000000000000       0x8b /media/ps3dev/ps3dev/spu/lib/gcc/spu/4.7.0/../../../../spu/lib/crt1.o
 .debug_info    0x000000000000008b       0x6e /media/ps3dev/ps3dev/spu/lib/gcc/spu/4.7.0/../../../../spu/lib/crti.o
 .debug_info    0x00000000000000f9      0x117 /media/ps3dev/ps3dev/spu/lib/gcc/spu/4.7.0/../../../../spu/lib/libc.a(lib_a-atexit.o)
 .debug_info    0x0000000000000210      0x792 /media/ps3dev/ps3dev/spu/lib/gcc/spu/4.7.0/../../../../spu/lib/libc.a(lib_a-exit.o)
 .debug_info    0x00000000000009a2      0x732 /media/ps3dev/ps3dev/spu/lib/gcc/spu/4.7.0/../../../../spu/lib/libc.a(lib_a-impure.o)
 .debug_info    0x00000000000010d4      0x199 /media/ps3dev/ps3dev/spu/lib/gcc/spu/4.7.0/../../../../spu/lib/libc.a(lib_a-memcpy.o)
 .debug_info    0x000000000000126d      0x113 /media/ps3dev/ps3dev/spu/lib/gcc/spu/4.7.0/../../../../spu/lib/libc.a(lib_a-memset.o)
 .debug_info    0x0000000000001380      0x7b6 /media/ps3dev/ps3dev/spu/lib/gcc/spu/4.7.0/../../../../spu/lib/libc.a(lib_a-__atexit.o)
 .debug_info    0x0000000000001b36      0x7cf /media/ps3dev/ps3dev/spu/lib/gcc/spu/4.7.0/../../../../spu/lib/libc.a(lib_a-__call_atexit.o)
 .debug_info    0x0000000000002305      0x798 /media/ps3dev/ps3dev/spu/lib/gcc/spu/4.7.0/libgcc.a(_umoddi3.o)
 .debug_info    0x0000000000002a9d       0xcf /media/ps3dev/ps3dev/spu/lib/gcc/spu/4.7.0/libgcc.a(_clz.o)
 .debug_info    0x0000000000002b6c       0x53 /media/ps3dev/ps3dev/spu/lib/gcc/spu/4.7.0/../../../../spu/lib/libgloss.a(exit.o)
 .debug_info    0x0000000000002bbf       0x6e /media/ps3dev/ps3dev/spu/lib/gcc/spu/4.7.0/../../../../spu/lib/crtn.o

.debug_abbrev   0x0000000000000000      0xb85
 *(.debug_abbrev)
 .debug_abbrev  0x0000000000000000       0x14 /media/ps3dev/ps3dev/spu/lib/gcc/spu/4.7.0/../../../../spu/lib/crt1.o
 .debug_abbrev  0x0000000000000014       0x12 /media/ps3dev/ps3dev/spu/lib/gcc/spu/4.7.0/../../../../spu/lib/crti.o
 .debug_abbrev  0x0000000000000026       0xba /media/ps3dev/ps3dev/spu/lib/gcc/spu/4.7.0/../../../../spu/lib/libc.a(lib_a-atexit.o)
 .debug_abbrev  0x00000000000000e0      0x1bf /media/ps3dev/ps3dev/spu/lib/gcc/spu/4.7.0/../../../../spu/lib/libc.a(lib_a-exit.o)
 .debug_abbrev  0x000000000000029f      0x159 /media/ps3dev/ps3dev/spu/lib/gcc/spu/4.7.0/../../../../spu/lib/libc.a(lib_a-impure.o)
 .debug_abbrev  0x00000000000003f8       0xb9 /media/ps3dev/ps3dev/spu/lib/gcc/spu/4.7.0/../../../../spu/lib/libc.a(lib_a-memcpy.o)
 .debug_abbrev  0x00000000000004b1       0xee /media/ps3dev/ps3dev/spu/lib/gcc/spu/4.7.0/../../../../spu/lib/libc.a(lib_a-memset.o)
 .debug_abbrev  0x000000000000059f      0x1cd /media/ps3dev/ps3dev/spu/lib/gcc/spu/4.7.0/../../../../spu/lib/libc.a(lib_a-__atexit.o)
 .debug_abbrev  0x000000000000076c      0x1d8 /media/ps3dev/ps3dev/spu/lib/gcc/spu/4.7.0/../../../../spu/lib/libc.a(lib_a-__call_atexit.o)
 .debug_abbrev  0x0000000000000944      0x18a /media/ps3dev/ps3dev/spu/lib/gcc/spu/4.7.0/libgcc.a(_umoddi3.o)
 .debug_abbrev  0x0000000000000ace       0x5d /media/ps3dev/ps3dev/spu/lib/gcc/spu/4.7.0/libgcc.a(_clz.o)
 .debug_abbrev  0x0000000000000b2b       0x48 /media/ps3dev/ps3dev/spu/lib/gcc/spu/4.7.0/../../../../spu/lib/libgloss.a(exit.o)
 .debug_abbrev  0x0000000000000b73       0x12 /media/ps3dev/ps3dev/spu/lib/gcc/spu/4.7.0/../../../../spu/lib/crtn.o

.debug_line     0x0000000000000000      0xca8
 *(.debug_line)
 .debug_line    0x0000000000000000       0x6e /media/ps3dev/ps3dev/spu/lib/gcc/spu/4.7.0/../../../../spu/lib/crt1.o
 .debug_line    0x000000000000006e       0x45 /media/ps3dev/ps3dev/spu/lib/gcc/spu/4.7.0/../../../../spu/lib/crti.o
 .debug_line    0x00000000000000b3       0xb2 /media/ps3dev/ps3dev/spu/lib/gcc/spu/4.7.0/../../../../spu/lib/libc.a(lib_a-atexit.o)
 .debug_line    0x0000000000000165      0x1cb /media/ps3dev/ps3dev/spu/lib/gcc/spu/4.7.0/../../../../spu/lib/libc.a(lib_a-exit.o)
 .debug_line    0x0000000000000330      0x139 /media/ps3dev/ps3dev/spu/lib/gcc/spu/4.7.0/../../../../spu/lib/libc.a(lib_a-impure.o)
 .debug_line    0x0000000000000469      0x11a /media/ps3dev/ps3dev/spu/lib/gcc/spu/4.7.0/../../../../spu/lib/libc.a(lib_a-memcpy.o)
 .debug_line    0x0000000000000583      0x12e /media/ps3dev/ps3dev/spu/lib/gcc/spu/4.7.0/../../../../spu/lib/libc.a(lib_a-memset.o)
 .debug_line    0x00000000000006b1      0x1a4 /media/ps3dev/ps3dev/spu/lib/gcc/spu/4.7.0/../../../../spu/lib/libc.a(lib_a-__atexit.o)
 .debug_line    0x0000000000000855      0x1e7 /media/ps3dev/ps3dev/spu/lib/gcc/spu/4.7.0/../../../../spu/lib/libc.a(lib_a-__call_atexit.o)
 .debug_line    0x0000000000000a3c      0x181 /media/ps3dev/ps3dev/spu/lib/gcc/spu/4.7.0/libgcc.a(_umoddi3.o)
 .debug_line    0x0000000000000bbd       0x47 /media/ps3dev/ps3dev/spu/lib/gcc/spu/4.7.0/libgcc.a(_clz.o)
 .debug_line    0x0000000000000c04       0x50 /media/ps3dev/ps3dev/spu/lib/gcc/spu/4.7.0/../../../../spu/lib/libgloss.a(exit.o)
 .debug_line    0x0000000000000c54       0x54 /media/ps3dev/ps3dev/spu/lib/gcc/spu/4.7.0/../../../../spu/lib/crtn.o

.debug_frame    0x0000000000000000      0x14c
 *(.debug_frame)
 .debug_frame   0x0000000000000000       0x20 /media/ps3dev/ps3dev/spu/lib/gcc/spu/4.7.0/../../../../spu/lib/libc.a(lib_a-atexit.o)
 .debug_frame   0x0000000000000020       0x2c /media/ps3dev/ps3dev/spu/lib/gcc/spu/4.7.0/../../../../spu/lib/libc.a(lib_a-exit.o)
 .debug_frame   0x000000000000004c       0x20 /media/ps3dev/ps3dev/spu/lib/gcc/spu/4.7.0/../../../../spu/lib/libc.a(lib_a-memcpy.o)
 .debug_frame   0x000000000000006c       0x20 /media/ps3dev/ps3dev/spu/lib/gcc/spu/4.7.0/../../../../spu/lib/libc.a(lib_a-memset.o)
 .debug_frame   0x000000000000008c       0x20 /media/ps3dev/ps3dev/spu/lib/gcc/spu/4.7.0/../../../../spu/lib/libc.a(lib_a-__atexit.o)
 .debug_frame   0x00000000000000ac       0x5c /media/ps3dev/ps3dev/spu/lib/gcc/spu/4.7.0/../../../../spu/lib/libc.a(lib_a-__call_atexit.o)
 .debug_frame   0x0000000000000108       0x24 /media/ps3dev/ps3dev/spu/lib/gcc/spu/4.7.0/libgcc.a(_umoddi3.o)
 .debug_frame   0x000000000000012c       0x20 /media/ps3dev/ps3dev/spu/lib/gcc/spu/4.7.0/../../../../spu/lib/libgloss.a(exit.o)

.debug_str      0x0000000000000000      0x7f8
 *(.debug_str)
 .debug_str     0x0000000000000000      0x11f /media/ps3dev/ps3dev/spu/lib/gcc/spu/4.7.0/../../../../spu/lib/libc.a(lib_a-atexit.o)
                                        0x15f (size before relaxing)
 .debug_str     0x000000000000011f      0x34e /media/ps3dev/ps3dev/spu/lib/gcc/spu/4.7.0/../../../../spu/lib/libc.a(lib_a-exit.o)
                                        0x451 (size before relaxing)
 .debug_str     0x000000000000046d       0x90 /media/ps3dev/ps3dev/spu/lib/gcc/spu/4.7.0/../../../../spu/lib/libc.a(lib_a-impure.o)
                                        0x458 (size before relaxing)
 .debug_str     0x00000000000004fd       0xb1 /media/ps3dev/ps3dev/spu/lib/gcc/spu/4.7.0/../../../../spu/lib/libc.a(lib_a-memcpy.o)
                                        0x143 (size before relaxing)
 .debug_str     0x00000000000005ae       0x3f /media/ps3dev/ps3dev/spu/lib/gcc/spu/4.7.0/../../../../spu/lib/libc.a(lib_a-memset.o)
                                         0xd0 (size before relaxing)
 .debug_str     0x00000000000005ed       0x3b /media/ps3dev/ps3dev/spu/lib/gcc/spu/4.7.0/../../../../spu/lib/libc.a(lib_a-__atexit.o)
                                        0x490 (size before relaxing)
 .debug_str     0x0000000000000628       0x40 /media/ps3dev/ps3dev/spu/lib/gcc/spu/4.7.0/../../../../spu/lib/libc.a(lib_a-__call_atexit.o)
                                        0x462 (size before relaxing)
 .debug_str     0x0000000000000668      0x12b /media/ps3dev/ps3dev/spu/lib/gcc/spu/4.7.0/libgcc.a(_umoddi3.o)
                                        0x1e4 (size before relaxing)
 .debug_str     0x0000000000000000      0x14e /media/ps3dev/ps3dev/spu/lib/gcc/spu/4.7.0/libgcc.a(_clz.o)
 .debug_str     0x0000000000000793       0x65 /media/ps3dev/ps3dev/spu/lib/gcc/spu/4.7.0/../../../../spu/lib/libgloss.a(exit.o)
                                         0x77 (size before relaxing)

.debug_loc      0x0000000000000000     0x187e
 *(.debug_loc)
 .debug_loc     0x0000000000000000       0x2c /media/ps3dev/ps3dev/spu/lib/gcc/spu/4.7.0/../../../../spu/lib/libc.a(lib_a-atexit.o)
 .debug_loc     0x000000000000002c       0x3f /media/ps3dev/ps3dev/spu/lib/gcc/spu/4.7.0/../../../../spu/lib/libc.a(lib_a-exit.o)
 .debug_loc     0x000000000000006b      0x191 /media/ps3dev/ps3dev/spu/lib/gcc/spu/4.7.0/../../../../spu/lib/libc.a(lib_a-memcpy.o)
 .debug_loc     0x00000000000001fc      0x166 /media/ps3dev/ps3dev/spu/lib/gcc/spu/4.7.0/../../../../spu/lib/libc.a(lib_a-memset.o)
 .debug_loc     0x0000000000000362       0xe2 /media/ps3dev/ps3dev/spu/lib/gcc/spu/4.7.0/../../../../spu/lib/libc.a(lib_a-__atexit.o)
 .debug_loc     0x0000000000000444      0x1d0 /media/ps3dev/ps3dev/spu/lib/gcc/spu/4.7.0/../../../../spu/lib/libc.a(lib_a-__call_atexit.o)
 .debug_loc     0x0000000000000614     0x126a /media/ps3dev/ps3dev/spu/lib/gcc/spu/4.7.0/libgcc.a(_umoddi3.o)

.debug_macinfo
 *(.debug_macinfo)

.debug_weaknames
 *(.debug_weaknames)

.debug_funcnames
 *(.debug_funcnames)

.debug_typenames
 *(.debug_typenames)

.debug_varnames
 *(.debug_varnames)

.debug_pubtypes
 *(.debug_pubtypes)

.debug_ranges   0x0000000000000000      0x330
 *(.debug_ranges)
 .debug_ranges  0x0000000000000000       0x20 /media/ps3dev/ps3dev/spu/lib/gcc/spu/4.7.0/../../../../spu/lib/crti.o
 .debug_ranges  0x0000000000000020       0x10 /media/ps3dev/ps3dev/spu/lib/gcc/spu/4.7.0/../../../../spu/lib/libc.a(lib_a-atexit.o)
 .debug_ranges  0x0000000000000030       0x10 /media/ps3dev/ps3dev/spu/lib/gcc/spu/4.7.0/../../../../spu/lib/libc.a(lib_a-exit.o)
 .debug_ranges  0x0000000000000040       0x10 /media/ps3dev/ps3dev/spu/lib/gcc/spu/4.7.0/../../../../spu/lib/libc.a(lib_a-memcpy.o)
 .debug_ranges  0x0000000000000050       0x10 /media/ps3dev/ps3dev/spu/lib/gcc/spu/4.7.0/../../../../spu/lib/libc.a(lib_a-memset.o)
 .debug_ranges  0x0000000000000060       0x10 /media/ps3dev/ps3dev/spu/lib/gcc/spu/4.7.0/../../../../spu/lib/libc.a(lib_a-__atexit.o)
 .debug_ranges  0x0000000000000070       0x48 /media/ps3dev/ps3dev/spu/lib/gcc/spu/4.7.0/../../../../spu/lib/libc.a(lib_a-__call_atexit.o)
 .debug_ranges  0x00000000000000b8      0x250 /media/ps3dev/ps3dev/spu/lib/gcc/spu/4.7.0/libgcc.a(_umoddi3.o)
 .debug_ranges  0x0000000000000308       0x28 /media/ps3dev/ps3dev/spu/lib/gcc/spu/4.7.0/../../../../spu/lib/crtn.o

.gnu.attributes
 *(.gnu.attributes)

.note.spu_name  0x0000000000000000       0x68
 *(.note.spu_name)
 .note.spu_name
                0x0000000000000000       0x68 /media/ps3dev/ps3dev/spu/lib/gcc/spu/4.7.0/../../../../spu/lib/crt1.o

._ea
 *(._ea)
 *(._ea.*)

/DISCARD/
 *(.note.GNU-stack)
 *(.gnu_debuglink)
 *(.gnu.lto_*)
OUTPUT(/media/ps3dev/PS3_Homebrews/ps3soundlib/libs/spu_soundmodule/spu_soundmodule.elf elf32-spu)
